// Jest Snapshot v1, https://goo.gl/fbAQLP

exports[`Footer tests renders correctly 1`] = `
<div>
  <div
    class="Footer"
  >
    <div
      class="FormContent"
    >
      <h2>
        Subscribe
      </h2>
      <form>
        <div>
          <h5>
            Please tell us your information.
          </h5>
          <label
            for="titleID"
          >
            Title
          </label>
          <select
            id="titleID"
            name="title"
          >
            <option
              value="Mr"
            >
              Mr
            </option>
            <option
              value="Miss"
            >
              Miss
            </option>
            <option
              value="Mrs"
            >
              Mrs
            </option>
            <option
              value="Ms"
            >
              Ms
            </option>
            <option
              value="Mx"
            >
              Mx
            </option>
          </select>
          <label
            for="nameID"
          >
            Name
          </label>
          <input
            id="nameID"
            name="name"
            required=""
            type="text"
          />
          <div
            class="BreakLine"
          />
          <label
            for="emailID"
          >
            Email
          </label>
          <input
            id="emailID"
            name="email"
            required=""
            type="email"
          />
        </div>
        <div>
          <h5>
            Please customize subscription.
          </h5>
          <label
            for="countryID"
          >
            Country
          </label>
          <select
            id="countryID"
            name="country"
          >
            <option
              value="us"
            >
              United States
            </option>
            <option
              value="ca"
            >
              Canada
            </option>
            <option
              value="gb"
            >
              United Kingdom
            </option>
            <option
              value="au"
            >
              Australia
            </option>
            <option
              value="cn"
            >
              China
            </option>
            <option
              value="jp"
            >
              Japan
            </option>
          </select>
          <div
            class="BreakLine"
          />
          <label
            for="localID"
          >
            <input
              id="localID"
              name="selectedCategory"
              type="radio"
              value="Local"
            />
            Local
          </label>
          <label
            for="businessID"
          >
            <input
              id="businessID"
              name="selectedCategory"
              type="radio"
              value="Business"
            />
            Business
          </label>
          <label
            for="entertainmentID"
          >
            <input
              id="entertainmentID"
              name="selectedCategory"
              type="radio"
              value="Entertainment"
            />
            Entertainment
          </label>
          <label
            for="politicsID"
          >
            <input
              id="politicsID"
              name="selectedCategory"
              type="radio"
              value="Politics/Society"
            />
            Politics/Society
          </label>
          <label
            for="sportsID"
          >
            <input
              id="sportsID"
              name="selectedCategory"
              type="radio"
              value="Sports"
            />
            Sports
          </label>
          <label
            for="worldID"
          >
            <input
              id="worldID"
              name="selectedCategory"
              type="radio"
              value="World"
            />
            World
          </label>
        </div>
        <input
          class="SubmitButton"
          type="submit"
          value="Submit"
        />
      </form>
    </div>
    <h6>
      <span>
        Â© Fan "Felix" Zhang 2020
      </span>
    </h6>
  </div>
</div>
`;
