// Jest Snapshot v1, https://goo.gl/fbAQLP

exports[`CountryInWorld tests renders correctly 1`] = `<div />`;
